Packaging nets/LTM/1000/ws -> data/LTM_1000_ws.tar.gz
Splitting data/LTM_1000_ws.tar.gz into <=10MB parts
Packaging nets/LTM/1000/mhk -> data/LTM_1000_mhk.tar.gz
Splitting data/LTM_1000_mhk.tar.gz into <=10MB parts
Packaging nets/LTM/1000/ke -> data/LTM_1000_ke.tar.gz
Splitting data/LTM_1000_ke.tar.gz into <=10MB parts
Packaging nets/LFC/240/ws -> data/LFC_240_ws.tar.gz
Splitting data/LFC_240_ws.tar.gz into <=10MB parts
Packaging nets/LFC/240/mhk -> data/LFC_240_mhk.tar.gz
Splitting data/LFC_240_mhk.tar.gz into <=10MB parts
Packaging nets/LFC/240/ke -> data/LFC_240_ke.tar.gz
Splitting data/LFC_240_ke.tar.gz into <=10MB parts
Packaging nets/LFC/1000/mhk -> data/LFC_1000_mhk.tar.gz
Splitting data/LFC_1000_mhk.tar.gz into <=10MB parts
Packaging nets/LFC/5000/mhk -> data/LFC_5000_mhk.tar.gz
Splitting data/LFC_5000_mhk.tar.gz into <=10MB parts
Packaging nets/real_world -> data/real_world.tar.gz
Splitting data/real_world.tar.gz into <=10MB parts
Computing checksums of chunks
Done. Chunks:
-rw-r-----. 1 msavari msavari  10M Jul 21 15:27 data/LFC_1000_mhk.tar.gz.part000
-rw-r-----. 1 msavari msavari  10M Jul 21 15:27 data/LFC_1000_mhk.tar.gz.part001
-rw-r-----. 1 msavari msavari  10M Jul 21 15:27 data/LFC_1000_mhk.tar.gz.part002
-rw-r-----. 1 msavari msavari  10M Jul 21 15:27 data/LFC_1000_mhk.tar.gz.part003
-rw-r-----. 1 msavari msavari  10M Jul 21 15:27 data/LFC_1000_mhk.tar.gz.part004
-rw-r-----. 1 msavari msavari 8.1M Jul 21 15:27 data/LFC_1000_mhk.tar.gz.part005
-rw-r-----. 1 msavari msavari  10M Jul 21 15:21 data/LFC_240_ke.tar.gz.part000
-rw-r-----. 1 msavari msavari  10M Jul 21 15:21 data/LFC_240_ke.tar.gz.part001
-rw-r-----. 1 msavari msavari  10M Jul 21 15:21 data/LFC_240_ke.tar.gz.part002
-rw-r-----. 1 msavari msavari 9.3M Jul 21 15:21 data/LFC_240_ke.tar.gz.part003
-rw-r-----. 1 msavari msavari  10M Jul 21 15:18 data/LFC_240_mhk.tar.gz.part000
-rw-r-----. 1 msavari msavari  10M Jul 21 15:18 data/LFC_240_mhk.tar.gz.part001
-rw-r-----. 1 msavari msavari  10M Jul 21 15:18 data/LFC_240_mhk.tar.gz.part002
-rw-r-----. 1 msavari msavari  10M Jul 21 15:18 data/LFC_240_mhk.tar.gz.part003
-rw-r-----. 1 msavari msavari  10M Jul 21 15:18 data/LFC_240_mhk.tar.gz.part004
-rw-r-----. 1 msavari msavari  10M Jul 21 15:18 data/LFC_240_mhk.tar.gz.part005
-rw-r-----. 1 msavari msavari  10M Jul 21 15:18 data/LFC_240_mhk.tar.gz.part006
-rw-r-----. 1 msavari msavari  10M Jul 21 15:18 data/LFC_240_mhk.tar.gz.part007
-rw-r-----. 1 msavari msavari  10M Jul 21 15:18 data/LFC_240_mhk.tar.gz.part008
-rw-r-----. 1 msavari msavari  10M Jul 21 15:18 data/LFC_240_mhk.tar.gz.part009
...

Full-archive checksums (data/checksums_full.sha256):
df25f214ef86f4a200e7d0522b39c12318ce4a0c4a623f09c41b9d484d9a3dbe  data/LTM_1000_ws.tar.gz
fd23547586e6b542a2badcd51a78c82f854e1a1401da079df5c7c659b16f6e11  data/LTM_1000_mhk.tar.gz
02d7857bee30afa718e07b15a95efa8b182bf03ebf6e985f5da71866611f9b55  data/LTM_1000_ke.tar.gz
69278cc1b53fa17c574580233bb4c05750d435cfabfdbc3b001a30c06fe82072  data/LFC_240_ws.tar.gz
eb26a98813a0f08a1b9ef469d9e604ba2542e2f40e9146da78e136f9688e58bd  data/LFC_240_mhk.tar.gz
a7d7cca0ff5ba8fc17f97cbbed92ba43d30b122667b95d5b507b94ad5c2f141a  data/LFC_240_ke.tar.gz
f3369e2ef8b38b47547392d3adc651fb0075bf3b10e1948ced064ed160b34eb3  data/LFC_1000_mhk.tar.gz
95566689729336831f4a468563ce45402b0ebffae1c251c602aea368203cd251  data/LFC_5000_mhk.tar.gz
3bcf9e75218621b05ab0c16d9247a63080a8ec3503af480bd102e9cda4ce7b6c  data/real_world.tar.gz
